[www.haplink.net/index.html]
[backblue.gif]
[fade.gif]
[index.html]
[www.haplink.net/feed/index.html]
[www.haplink.net/comments/feed/index.html]
[www.haplink.net/wp-json/wp/v2/pages/8.json]
[www.haplink.net/wp-json/index.html]
[www.haplink.net/xmlrpc0db0.php]
[www.haplink.net/wp-json/oembed/1.0/embed1f6b.json]
[www.haplink.net/wp-json/oembed/1.0/embedddb9]
[www.haplink.net/wp-includes/js/dist/script-modules/block-library/navigation/view.minf7ab.js]
[www.haplink.net/wp-includes/js/dist/script-modules/interactivity/index.min563f.js]
[www.haplink.net/wp-content/themes/business-growth-x/assets/fonts/playfair-display/PlayfairDisplay-Regular.ttf]
[www.haplink.net/wp-content/themes/business-growth-x/assets/fonts/playfair-display/PlayfairDisplay-SemiBold.ttf]
[www.haplink.net/wp-content/themes/business-growth-x/assets/fonts/playfair-display/PlayfairDisplay-Bold.ttf]
[www.haplink.net/wp-content/themes/business-growth-x/assets/fonts/dm-sans/DMSans-Regular.ttf]
[www.haplink.net/wp-content/themes/business-growth-x/assets/fonts/dm-sans/DMSans-Bold.ttf]
[www.haplink.net/wp-content/uploads/2024/01/Drawing.sketchpad-1-pdf-150x150.jpg]
[www.haplink.net/wp-content/uploads/2024/01/Drawing.sketchpad-1-pdf-300x300.jpg]
[www.haplink.net/wp-content/uploads/2024/01/IMG_7438.jpg]
[www.haplink.net/wp-content/uploads/2024/01/StatesPicture-edited.jpg]
[www.haplink.net/wp-content/uploads/2024/01/texas-1584104_1920.jpg]
[www.haplink.net/wp-content/uploads/2024/04/IMG_2821-2-scaled.jpg]
[www.haplink.net/wp-content/uploads/2024/01/yeloow-spinnny-edited.jpg]
[www.haplink.net/our-team/index.html]
[www.haplink.net/happy-haptic-doctors-robot-design/index.html]
[www.haplink.net/wp-content/uploads/2024/04/IMG_2819-1.jpg]
[www.haplink.net/wp-content/uploads/2024/01/square-jacob.jpg]
[www.haplink.net/wp-content/uploads/2024/01/taylorconcert.jpg]
[www.haplink.net/wp-content/uploads/2024/04/istockphoto-469569148-612x612-2.jpg]
[www.haplink.net/wp-content/uploads/2024/04/Taylor-Swift-The-Eras-Tour-1024x683.jpg]
[www.haplink.net/2024-worlds/index.html]
[www.haplink.net/wp-includes/js/dist/dom-ready.min5346.js]
[www.haplink.net/wp-content/plugins/astra-sites/inc/lib/onboarding/assets/dist/template-preview/maina11c.js]
[www.haplink.net/index.html]
[www.haplink.net/wp-includes/blocks/navigation/style.min9704.css]
[www.haplink.net/wp-includes/blocks/cover/style.min9704.css]
[www.haplink.net/wp-includes/blocks/image/style.min9704.css]
[www.haplink.net/donate/index.html]
[www.haplink.net/wp-content/themes/business-growth-x/assets/css/patternscacd.css]
[www.haplink.net/2024/04/26/innovation-presentation/index.html]
[www.haplink.net/wp-content/themes/simple-nova/assets/css/patternscacd.css]
[www.haplink.net/author/haplink_nmrwbj/index.html]
[www.haplink.net/2024/04/24/first-match/index.html]
[www.haplink.net/2024/04/20/long-day/index.html]
[www.haplink.net/wp-json/wp/v2/pages/71.json]
[www.haplink.net/wp-json/oembed/1.0/embedb815.json]
[www.haplink.net/wp-json/oembed/1.0/embed4141]
[www.haplink.net/wp-content/uploads/2024/01/StatesPicture-edited-2-scaled.jpg]
[www.haplink.net/wp-content/uploads/2024/01/IMG_9524-edited-scaled.jpg]
[www.haplink.net/wp-content/uploads/2024/01/Screenshot-2023-11-16-at-9.31.24-AM-edited-1.png]
[www.haplink.net/wp-content/uploads/2024/01/IMG_7469-768x1024.jpg]
[www.haplink.net/wp-content/uploads/2024/01/Owen-edited.jpg]
[www.haplink.net/wp-content/uploads/2024/01/Screenshot-2024-01-15-at-10.03.54 PM-edited.png]
[www.haplink.net/wp-content/uploads/2024/01/IMG_5896-edited.jpg]
[www.haplink.net/wp-content/uploads/2024/01/IMG_5890-edited.jpg]
[www.haplink.net/wp-content/uploads/2024/01/Screenshot-2024-01-15-at-7.23.35 PM.png]
[www.haplink.net/wp-content/uploads/2024/01/Erich-Osterberg-edited-scaled.jpg]
[www.haplink.net/wp-content/uploads/2024/01/IMG_1109-edited-scaled.jpg]
[www.haplink.net/wp-content/uploads/2024/01/IMG_7461.qt]
[www.haplink.net/wp-content/uploads/2024/01/IMG_3015-1024x768.jpg]
[www.haplink.net/our-team/index.html]
[www.haplink.net/wp-json/wp/v2/pages/65.json]
[www.haplink.net/wp-json/oembed/1.0/embed4e75.json]
[www.haplink.net/wp-json/oembed/1.0/embed4e1f]
[www.haplink.net/happy-haptic-doctors-robot-design/index.html]
[www.haplink.net/wp-includes/js/jquery/jquery.minf43b.js]
[www.haplink.net/wp-includes/js/jquery/jquery-migrate.min5589.js]
[www.haplink.net/wp-content/plugins/cool-timeline/includes/cool-timeline-block/assets/js/commonf7ff.js]
[www.haplink.net/wp-json/wp/v2/pages/56.json]
[www.haplink.net/wp-json/oembed/1.0/embedfb53.json]
[www.haplink.net/wp-json/oembed/1.0/embed0fbf]
[www.haplink.net/wp-content/uploads/2024/01/IMG_4330-1024x965.jpg]
[www.haplink.net/wp-content/uploads/2024/01/IMG_7253-1-1024x768.jpg]
[www.haplink.net/wp-content/uploads/2024/01/IMG_7455.jpg]
[www.haplink.net/wp-content/uploads/2024/02/why-is-there-food-in-this-seat-1-1024x576.jpg]
[www.haplink.net/wp-content/uploads/2024/04/Sponsors.jpg]
[www.haplink.net/wp-content/plugins/countdown-block/dist/frontend/index578f.js]
[www.haplink.net/wp-content/plugins/countdown-block/assets/js/eb-animation-load578f.js]
[www.haplink.net/2024-worlds/index.html]
[www.haplink.net/wp-json/wp/v2/pages/108.json]
[www.haplink.net/wp-json/oembed/1.0/embed792d.json]
[www.haplink.net/wp-json/oembed/1.0/embed1604]
[www.haplink.net/wp-content/uploads/2024/01/202401271454.mp4]
[www.haplink.net/wp-content/uploads/2024/03/qr_code_5.jpg]
[www.haplink.net/donate/index.html]
[www.haplink.net/2024/04/26/innovation-presentation/feed/index.html]
[www.haplink.net/wp-json/wp/v2/posts/380.json]
[www.haplink.net/wp-json/oembed/1.0/embeda872.json]
[www.haplink.net/wp-json/oembed/1.0/embed70cb]
[www.haplink.net/wp-includes/js/comment-reply.min9704.js]
[www.haplink.net/2024/04/26/innovation-presentation/index.html]
[www.haplink.net/category/uncategorized/index.html]
[www.haplink.net/wp-json/wp/v2/users/1.json]
[www.haplink.net/author/haplink_nmrwbj/index.html]
[www.haplink.net/author/haplink_nmrwbj/feed/index.html]
[www.haplink.net/wp-json/wp/v2/posts/359.json]
[www.haplink.net/2024/04/19/practice-practice-practice/index.html]
[www.haplink.net/2024/04/18/setting-up-our-pit/index.html]
[www.haplink.net/2024/04/17/practice-table-construction/index.html]
[www.haplink.net/wp-json/oembed/1.0/embed617b.json]
[www.haplink.net/2024/04/24/first-match/feed/index.html]
[www.haplink.net/wp-json/oembed/1.0/embedb170]
[www.haplink.net/wp-content/uploads/2024/04/trim.D1E2906E-D5F0-4E6A-83DF-F5AEBF4349EE.qt]
[www.haplink.net/2024/04/24/first-match/index.html]
[www.haplink.net/2024/04/20/long-day/feed/index.html]
[www.haplink.net/wp-json/wp/v2/posts/366.json]
[www.haplink.net/wp-json/oembed/1.0/embed42a3.json]
[www.haplink.net/wp-json/oembed/1.0/embedf0ed]
[www.haplink.net/wp-content/uploads/2024/04/IMG_8062-1024x768.jpg]
[www.haplink.net/wp-content/uploads/2024/04/IMG_8067-1024x768.jpg]
[www.haplink.net/wp-content/uploads/2024/04/IMG_8072-1024x768.jpg]
[www.haplink.net/wp-content/uploads/2024/04/IMG_8073-768x1024.jpg]
[www.haplink.net/wp-content/uploads/2024/04/IMG_8074-1024x768.jpg]
[www.haplink.net/wp-content/uploads/2024/04/IMG_8093-1024x473.jpg]
[www.haplink.net/wp-content/uploads/2024/04/IMG_8077-1024x768.jpg]
[www.haplink.net/wp-content/uploads/2024/04/IMG_8079-1024x768.jpg]
[www.haplink.net/wp-content/uploads/2024/04/IMG_8085-1024x768.jpg]
[www.haplink.net/wp-content/uploads/2024/04/IMG_8078-1024x768.jpg]
[www.haplink.net/2024/04/20/long-day/index.html]
[www.haplink.net/index6cf3.html]
[www.haplink.net/index7665.html]
[www.haplink.net/wp-content/plugins/cool-timeline/includes/cool-timeline-block/dist/blocks.style.build.css]
[www.haplink.net/wp-content/plugins/countdown-block/assets/css/animate.min578f.css]
[www.haplink.net/wp-content/plugins/countdown-block/dist/style578f.css]
[www.haplink.net/wp-content/uploads/eb-style/eb-style-56.min672c.css]
[www.haplink.net/index2dc8.html]
[www.haplink.net/index460d.html]
[www.haplink.net/wp-includes/css/dist/block-library/common.min9704.css]
[www.haplink.net/index0dc6.html]
[www.haplink.net/wp-json/wp/v2/categories/1.json]
[www.haplink.net/wp-content/uploads/2024/04/IMG_4410-scaled.jpg]
[www.haplink.net/category/uncategorized/feed/index.html]
[www.haplink.net/wp-content/uploads/2023/12/Frame-15-01-2024-09-58-35.jpg]
[www.haplink.net/category/uncategorized/index.html]
[www.haplink.net/2024/04/14/packing-up/index.html]
[www.haplink.net/wp-json/wp/v2/posts/346.json]
[www.haplink.net/2023/12/03/nh-champions-on-to-worlds/index.html]
[www.haplink.net/wp-json/oembed/1.0/embed13a4.json]
[www.haplink.net/2024/04/19/practice-practice-practice/feed/index.html]
[www.haplink.net/wp-json/oembed/1.0/embed6978]
[www.haplink.net/wp-content/uploads/2024/04/IMG_8018-1024x768.jpg]
[www.haplink.net/wp-content/uploads/2024/04/IMG_8045-1024x768.jpg]
[www.haplink.net/wp-content/uploads/2024/04/IMG_8057.qt]
[www.haplink.net/wp-content/uploads/2024/04/IMG_4489-768x1024.jpg]
[www.haplink.net/wp-content/uploads/2024/04/IMG_2518-1024x768.jpg]
[www.haplink.net/wp-content/uploads/2024/04/IMG_8036-1024x768.jpg]
[www.haplink.net/wp-content/uploads/2024/04/IMG_8053.qt]
[www.haplink.net/wp-content/uploads/2024/04/FullSizeRender-768x1024.jpg]
[www.haplink.net/2024/04/19/practice-practice-practice/index.html]
[www.haplink.net/wp-json/wp/v2/posts/335.json]
[www.haplink.net/2024/04/18/setting-up-our-pit/feed/index.html]
[www.haplink.net/wp-json/oembed/1.0/embed0543.json]
[www.haplink.net/wp-json/oembed/1.0/embed48d5]
[www.haplink.net/wp-content/uploads/2024/04/IMG_7987-scaled.jpg]
[www.haplink.net/wp-content/uploads/2024/04/IMG_7987-1024x768.jpg]
[www.haplink.net/wp-content/uploads/2024/04/IMG_7990-scaled.jpg]
[www.haplink.net/wp-content/uploads/2024/04/IMG_7990-1024x768.jpg]
[www.haplink.net/wp-content/uploads/2024/04/IMG_7992-scaled.jpg]
[www.haplink.net/wp-content/uploads/2024/04/IMG_7992-1024x768.jpg]
[www.haplink.net/wp-content/uploads/2024/04/IMG_7996-scaled.jpg]
[www.haplink.net/wp-content/uploads/2024/04/IMG_7996-1024x768.jpg]
[www.haplink.net/wp-content/uploads/2024/04/IMG_8001-scaled.jpg]
[www.haplink.net/wp-content/uploads/2024/04/IMG_8001-1024x768.jpg]
[www.haplink.net/wp-content/uploads/2024/04/IMG_8007-scaled.jpg]
[www.haplink.net/wp-content/uploads/2024/04/IMG_8007-1024x768.jpg]
[www.haplink.net/wp-content/uploads/2024/04/IMG_8010-scaled.jpg]
[www.haplink.net/wp-content/uploads/2024/04/IMG_8010-1024x768.jpg]
[www.haplink.net/wp-content/uploads/2024/04/IMG_8012-scaled.jpg]
[www.haplink.net/wp-content/uploads/2024/04/IMG_8012-1024x768.jpg]
[www.haplink.net/2024/04/18/setting-up-our-pit/index.html]
[www.haplink.net/wp-json/wp/v2/posts/325.json]
[www.haplink.net/2024/04/17/practice-table-construction/feed/index.html]
[www.haplink.net/wp-json/oembed/1.0/embed41a5.json]
[www.haplink.net/wp-json/oembed/1.0/embed6b6e]
[www.haplink.net/wp-content/uploads/2024/04/IMG_7971-scaled.jpg]
[www.haplink.net/wp-content/uploads/2024/04/IMG_7971-1024x768.jpg]
[www.haplink.net/wp-content/uploads/2024/04/IMG_7972-scaled.jpg]
[www.haplink.net/wp-content/uploads/2024/04/IMG_7972-1024x768.jpg]
[www.haplink.net/wp-content/uploads/2024/04/IMG_7974-scaled.jpg]
[www.haplink.net/wp-content/uploads/2024/04/IMG_7974-1024x768.jpg]
[www.haplink.net/wp-content/uploads/2024/04/IMG_7977-scaled.jpg]
[www.haplink.net/wp-content/uploads/2024/04/IMG_7977-1024x768.jpg]
[www.haplink.net/wp-content/uploads/2024/04/IMG_7980-scaled.jpg]
[www.haplink.net/wp-content/uploads/2024/04/IMG_7980-1024x768.jpg]
[www.haplink.net/wp-content/uploads/2024/04/IMG_7985-scaled.jpg]
[www.haplink.net/wp-content/uploads/2024/04/IMG_7985-1024x768.jpg]
[www.haplink.net/wp-content/uploads/2024/04/IMG_4465-1024x768.jpg]
[www.haplink.net/2024/04/17/practice-table-construction/index.html]
[www.haplink.net/indexcaf0.html]
[www.haplink.net/wp-includes/blocks/gallery/style.min9704.css]
[www.haplink.net/index7aa0.html]
[www.haplink.net/wp-json/wp/v2/posts/318.json]
[www.haplink.net/2024/04/14/packing-up/feed/index.html]
[www.haplink.net/wp-json/oembed/1.0/embed347a.json]
[www.haplink.net/wp-json/oembed/1.0/embed515c]
[www.haplink.net/wp-content/uploads/2024/04/IMG_4407-768x1024.jpg]
[www.haplink.net/wp-content/uploads/2024/04/IMG_4405-768x1024.jpg]
[www.haplink.net/wp-content/uploads/2024/04/IMG_4406-768x1024.jpg]
[www.haplink.net/2024/04/14/packing-up/index.html]
[www.haplink.net/author/erich/index.html]
[www.haplink.net/wp-json/wp/v2/posts/207.json]
[www.haplink.net/wp-json/oembed/1.0/embed621f.json]
[www.haplink.net/2023/12/03/nh-champions-on-to-worlds/feed/index.html]
[www.haplink.net/wp-json/oembed/1.0/embed7b3e]
[www.haplink.net/wp-content/uploads/2024/01/IMG_7254.qt]
[www.haplink.net/2023/12/03/nh-champions-on-to-worlds/index.html]
[www.haplink.net/index17f1.html]
[www.haplink.net/index5294.html]
[www.haplink.net/indexf175.html]
[www.haplink.net/indexcb8c.html]
[www.haplink.net/2023/12/03/nh-champions-on-to-worlds/index21b4.html]
[www.haplink.net/wp-json/wp/v2/users/7.json]
[www.haplink.net/author/erich/index.html]
[www.haplink.net/indexeb91.html]
[www.haplink.net/author/erich/feed/index.html]
[www.haplink.net/2023/12/03/nh-champions-on-to-worlds/index21b4.html]
